Analysis & Synthesis report for halfadder
Mon Sep 21 00:51:43 2026
Quartus Prime Version 25.1std.0 Build 1129 10/21/2025 SC Lite Edition


---------------------
; Table of Contents ;
---------------------
  1. Legal Notice
  2. Analysis & Synthesis Summary
  3. Analysis & Synthesis Settings
  4. Parallel Compilation
  5. Analysis & Synthesis Source Files Read
  6. Analysis & Synthesis Resource Usage Summary
  7. Analysis & Synthesis Resource Utilization by Entity
  8. General Register Statistics
  9. Port Connectivity Checks: "registrador:regis|registrador_8bits:regA|flipflop_D:ff7"
 10. Port Connectivity Checks: "registrador:regis|registrador_8bits:regA|flipflop_D:ff6"
 11. Port Connectivity Checks: "registrador:regis|registrador_8bits:regA|flipflop_D:ff5"
 12. Port Connectivity Checks: "registrador:regis|registrador_8bits:regA|flipflop_D:ff4"
 13. Port Connectivity Checks: "registrador:regis|registrador_8bits:regA|flipflop_D:ff3"
 14. Port Connectivity Checks: "registrador:regis|registrador_8bits:regA|flipflop_D:ff2"
 15. Port Connectivity Checks: "registrador:regis|registrador_8bits:regA|flipflop_D:ff1"
 16. Port Connectivity Checks: "registrador:regis|registrador_8bits:regA|flipflop_D:ff0"
 17. Port Connectivity Checks: "registrador:regis|contador:cc|flipflop_D:ff1"
 18. Port Connectivity Checks: "registrador:regis|contador:cc|flipflop_D:ff0"
 19. Post-Synthesis Netlist Statistics for Top Partition
 20. Elapsed Time Per Partition
 21. Analysis & Synthesis Messages



----------------
; Legal Notice ;
----------------
Copyright (C) 2025  Altera Corporation. All rights reserved.
Your use of Altera Corporation's design tools, logic functions 
and other software and tools, and any partner logic 
functions, and any output files from any of the foregoing 
(including device programming or simulation files), and any 
associated documentation or information are expressly subject 
to the terms and conditions of the Altera Program License 
Subscription Agreement, the Altera Quartus Prime License Agreement,
the Altera IP License Agreement, or other applicable license
agreement, including, without limitation, that your use is for
the sole purpose of programming logic devices manufactured by
Altera and sold by Altera or its authorized distributors.  Please
refer to the Altera Software License Subscription Agreements 
on the Quartus Prime software download page.



+--------------------------------------------------------------------------------------+
; Analysis & Synthesis Summary                                                         ;
+------------------------------------+-------------------------------------------------+
; Analysis & Synthesis Status        ; Successful - Mon Sep 21 00:51:43 2026           ;
; Quartus Prime Version              ; 25.1std.0 Build 1129 10/21/2025 SC Lite Edition ;
; Revision Name                      ; halfadder                                       ;
; Top-level Entity Name              ; Main                                            ;
; Family                             ; MAX 10                                          ;
; Total logic elements               ; 30                                              ;
;     Total combinational functions  ; 6                                               ;
;     Dedicated logic registers      ; 26                                              ;
; Total registers                    ; 26                                              ;
; Total pins                         ; 36                                              ;
; Total virtual pins                 ; 0                                               ;
; Total memory bits                  ; 0                                               ;
; Embedded Multiplier 9-bit elements ; 0                                               ;
; Total PLLs                         ; 0                                               ;
; UFM blocks                         ; 0                                               ;
; ADC blocks                         ; 0                                               ;
+------------------------------------+-------------------------------------------------+


+------------------------------------------------------------------------------------------------------------+
; Analysis & Synthesis Settings                                                                              ;
+------------------------------------------------------------------+--------------------+--------------------+
; Option                                                           ; Setting            ; Default Value      ;
+------------------------------------------------------------------+--------------------+--------------------+
; Device                                                           ; 10M50DAF484C7G     ;                    ;
; Top-level entity name                                            ; Main               ; halfadder          ;
; Family name                                                      ; MAX 10             ; Cyclone V          ;
; Use smart compilation                                            ; Off                ; Off                ;
; Enable parallel Assembler and Timing Analyzer during compilation ; On                 ; On                 ;
; Enable compact report table                                      ; Off                ; Off                ;
; Restructure Multiplexers                                         ; Auto               ; Auto               ;
; Create Debugging Nodes for IP Cores                              ; Off                ; Off                ;
; Preserve fewer node names                                        ; On                 ; On                 ;
; Intel FPGA IP Evaluation Mode                                    ; Enable             ; Enable             ;
; Verilog Version                                                  ; Verilog_2001       ; Verilog_2001       ;
; VHDL Version                                                     ; VHDL_1993          ; VHDL_1993          ;
; State Machine Processing                                         ; Auto               ; Auto               ;
; Safe State Machine                                               ; Off                ; Off                ;
; Extract Verilog State Machines                                   ; On                 ; On                 ;
; Extract VHDL State Machines                                      ; On                 ; On                 ;
; Ignore Verilog initial constructs                                ; Off                ; Off                ;
; Iteration limit for constant Verilog loops                       ; 5000               ; 5000               ;
; Iteration limit for non-constant Verilog loops                   ; 250                ; 250                ;
; Add Pass-Through Logic to Inferred RAMs                          ; On                 ; On                 ;
; Infer RAMs from Raw Logic                                        ; On                 ; On                 ;
; Parallel Synthesis                                               ; On                 ; On                 ;
; DSP Block Balancing                                              ; Auto               ; Auto               ;
; NOT Gate Push-Back                                               ; On                 ; On                 ;
; Power-Up Don't Care                                              ; On                 ; On                 ;
; Remove Redundant Logic Cells                                     ; Off                ; Off                ;
; Remove Duplicate Registers                                       ; On                 ; On                 ;
; Ignore CARRY Buffers                                             ; Off                ; Off                ;
; Ignore CASCADE Buffers                                           ; Off                ; Off                ;
; Ignore GLOBAL Buffers                                            ; Off                ; Off                ;
; Ignore ROW GLOBAL Buffers                                        ; Off                ; Off                ;
; Ignore LCELL Buffers                                             ; Off                ; Off                ;
; Ignore SOFT Buffers                                              ; On                 ; On                 ;
; Limit AHDL Integers to 32 Bits                                   ; Off                ; Off                ;
; Optimization Technique                                           ; Balanced           ; Balanced           ;
; Carry Chain Length                                               ; 70                 ; 70                 ;
; Auto Carry Chains                                                ; On                 ; On                 ;
; Auto Open-Drain Pins                                             ; On                 ; On                 ;
; Perform WYSIWYG Primitive Resynthesis                            ; Off                ; Off                ;
; Auto ROM Replacement                                             ; On                 ; On                 ;
; Auto RAM Replacement                                             ; On                 ; On                 ;
; Auto DSP Block Replacement                                       ; On                 ; On                 ;
; Auto Shift Register Replacement                                  ; Auto               ; Auto               ;
; Allow Shift Register Merging across Hierarchies                  ; Auto               ; Auto               ;
; Auto Clock Enable Replacement                                    ; On                 ; On                 ;
; Strict RAM Replacement                                           ; Off                ; Off                ;
; Allow Synchronous Control Signals                                ; On                 ; On                 ;
; Force Use of Synchronous Clear Signals                           ; Off                ; Off                ;
; Auto RAM Block Balancing                                         ; On                 ; On                 ;
; Auto RAM to Logic Cell Conversion                                ; Off                ; Off                ;
; Auto Resource Sharing                                            ; Off                ; Off                ;
; Allow Any RAM Size For Recognition                               ; Off                ; Off                ;
; Allow Any ROM Size For Recognition                               ; Off                ; Off                ;
; Allow Any Shift Register Size For Recognition                    ; Off                ; Off                ;
; Use LogicLock Constraints during Resource Balancing              ; On                 ; On                 ;
; Ignore translate_off and synthesis_off directives                ; Off                ; Off                ;
; Timing-Driven Synthesis                                          ; On                 ; On                 ;
; Report Parameter Settings                                        ; On                 ; On                 ;
; Report Source Assignments                                        ; On                 ; On                 ;
; Report Connectivity Checks                                       ; On                 ; On                 ;
; Ignore Maximum Fan-Out Assignments                               ; Off                ; Off                ;
; Synchronization Register Chain Length                            ; 2                  ; 2                  ;
; Power Optimization During Synthesis                              ; Normal compilation ; Normal compilation ;
; HDL message level                                                ; Level2             ; Level2             ;
; Suppress Register Optimization Related Messages                  ; Off                ; Off                ;
; Number of Removed Registers Reported in Synthesis Report         ; 5000               ; 5000               ;
; Number of Swept Nodes Reported in Synthesis Report               ; 5000               ; 5000               ;
; Number of Inverted Registers Reported in Synthesis Report        ; 100                ; 100                ;
; Clock MUX Protection                                             ; On                 ; On                 ;
; Auto Gated Clock Conversion                                      ; Off                ; Off                ;
; Block Design Naming                                              ; Auto               ; Auto               ;
; SDC constraint protection                                        ; Off                ; Off                ;
; Synthesis Effort                                                 ; Auto               ; Auto               ;
; Shift Register Replacement - Allow Asynchronous Clear Signal     ; On                 ; On                 ;
; Pre-Mapping Resynthesis Optimization                             ; Off                ; Off                ;
; Analysis & Synthesis Message Level                               ; Medium             ; Medium             ;
; Disable Register Merging Across Hierarchies                      ; Auto               ; Auto               ;
; Resource Aware Inference For Block RAM                           ; On                 ; On                 ;
+------------------------------------------------------------------+--------------------+--------------------+


+------------------------------------------+
; Parallel Compilation                     ;
+----------------------------+-------------+
; Processors                 ; Number      ;
+----------------------------+-------------+
; Number detected on machine ; 12          ;
; Maximum allowed            ; 12          ;
;                            ;             ;
; Average used               ; 1.00        ;
; Maximum used               ; 12          ;
;                            ;             ;
; Usage by Processor         ; % Time Used ;
;     Processor 1            ; 100.0%      ;
;     Processors 2-12        ;   0.0%      ;
+----------------------------+-------------+


+-----------------------------------------------------------------------------------------------------------------------------------------------------------------------+
; Analysis & Synthesis Source Files Read                                                                                                                                ;
+----------------------------------+-----------------+------------------------+-------------------------------------------------------------------------------+---------+
; File Name with User-Entered Path ; Used in Netlist ; File Type              ; File Name with Absolute Path                                                  ; Library ;
+----------------------------------+-----------------+------------------------+-------------------------------------------------------------------------------+---------+
; Main.v                           ; yes             ; User Verilog HDL File  ; C:/Users/Tatiane/Documents/Eletronica/PBL-CD/PBL2/projeto/Main.v              ;         ;
; flipflop_D.v                     ; yes             ; User Verilog HDL File  ; C:/Users/Tatiane/Documents/Eletronica/PBL-CD/PBL2/projeto/flipflop_D.v        ;         ;
; registrador_8bits.v              ; yes             ; User Verilog HDL File  ; C:/Users/Tatiane/Documents/Eletronica/PBL-CD/PBL2/projeto/registrador_8bits.v ;         ;
; contador.v                       ; yes             ; User Verilog HDL File  ; C:/Users/Tatiane/Documents/Eletronica/PBL-CD/PBL2/projeto/contador.v          ;         ;
; registrador.v                    ; yes             ; User Verilog HDL File  ; C:/Users/Tatiane/Documents/Eletronica/PBL-CD/PBL2/projeto/registrador.v       ;         ;
+----------------------------------+-----------------+------------------------+-------------------------------------------------------------------------------+---------+


+----------------------------------------------------------+
; Analysis & Synthesis Resource Usage Summary              ;
+---------------------------------------------+------------+
; Resource                                    ; Usage      ;
+---------------------------------------------+------------+
; Estimated Total logic elements              ; 30         ;
;                                             ;            ;
; Total combinational functions               ; 6          ;
; Logic element usage by number of LUT inputs ;            ;
;     -- 4 input functions                    ; 0          ;
;     -- 3 input functions                    ; 4          ;
;     -- <=2 input functions                  ; 2          ;
;                                             ;            ;
; Logic elements by mode                      ;            ;
;     -- normal mode                          ; 6          ;
;     -- arithmetic mode                      ; 0          ;
;                                             ;            ;
; Total registers                             ; 26         ;
;     -- Dedicated logic registers            ; 26         ;
;     -- I/O registers                        ; 0          ;
;                                             ;            ;
; I/O pins                                    ; 36         ;
;                                             ;            ;
; Embedded Multiplier 9-bit elements          ; 0          ;
;                                             ;            ;
; Maximum fan-out node                        ; btn2~input ;
; Maximum fan-out                             ; 26         ;
; Total fan-out                               ; 154        ;
; Average fan-out                             ; 1.48       ;
+---------------------------------------------+------------+


+----------------------------------------------------------------------------------------------------------------------------------------------------------------------------------------------------------------------------------------------------------------------------------------+
; Analysis & Synthesis Resource Utilization by Entity                                                                                                                                                                                                                                    ;
+--------------------------------+---------------------+---------------------------+-------------+------------+--------------+---------+-----------+------+--------------+------------+---------------------------------------------------------------+-------------------+--------------+
; Compilation Hierarchy Node     ; Combinational ALUTs ; Dedicated Logic Registers ; Memory Bits ; UFM Blocks ; DSP Elements ; DSP 9x9 ; DSP 18x18 ; Pins ; Virtual Pins ; ADC blocks ; Full Hierarchy Name                                           ; Entity Name       ; Library Name ;
+--------------------------------+---------------------+---------------------------+-------------+------------+--------------+---------+-----------+------+--------------+------------+---------------------------------------------------------------+-------------------+--------------+
; |Main                          ; 6 (0)               ; 26 (0)                    ; 0           ; 0          ; 0            ; 0       ; 0         ; 36   ; 0            ; 0          ; |Main                                                         ; Main              ; work         ;
;    |registrador:regis|         ; 6 (3)               ; 26 (0)                    ; 0           ; 0          ; 0            ; 0       ; 0         ; 0    ; 0            ; 0          ; |Main|registrador:regis                                       ; registrador       ; work         ;
;       |contador:cc|            ; 3 (1)               ; 2 (0)                     ; 0           ; 0          ; 0            ; 0       ; 0         ; 0    ; 0            ; 0          ; |Main|registrador:regis|contador:cc                           ; contador          ; work         ;
;          |flipflop_D:ff0|      ; 1 (1)               ; 1 (1)                     ; 0           ; 0          ; 0            ; 0       ; 0         ; 0    ; 0            ; 0          ; |Main|registrador:regis|contador:cc|flipflop_D:ff0            ; flipflop_D        ; work         ;
;          |flipflop_D:ff1|      ; 1 (1)               ; 1 (1)                     ; 0           ; 0          ; 0            ; 0       ; 0         ; 0    ; 0            ; 0          ; |Main|registrador:regis|contador:cc|flipflop_D:ff1            ; flipflop_D        ; work         ;
;       |registrador_8bits:regA| ; 0 (0)               ; 8 (0)                     ; 0           ; 0          ; 0            ; 0       ; 0         ; 0    ; 0            ; 0          ; |Main|registrador:regis|registrador_8bits:regA                ; registrador_8bits ; work         ;
;          |flipflop_D:ff0|      ; 0 (0)               ; 1 (1)                     ; 0           ; 0          ; 0            ; 0       ; 0         ; 0    ; 0            ; 0          ; |Main|registrador:regis|registrador_8bits:regA|flipflop_D:ff0 ; flipflop_D        ; work         ;
;          |flipflop_D:ff1|      ; 0 (0)               ; 1 (1)                     ; 0           ; 0          ; 0            ; 0       ; 0         ; 0    ; 0            ; 0          ; |Main|registrador:regis|registrador_8bits:regA|flipflop_D:ff1 ; flipflop_D        ; work         ;
;          |flipflop_D:ff2|      ; 0 (0)               ; 1 (1)                     ; 0           ; 0          ; 0            ; 0       ; 0         ; 0    ; 0            ; 0          ; |Main|registrador:regis|registrador_8bits:regA|flipflop_D:ff2 ; flipflop_D        ; work         ;
;          |flipflop_D:ff3|      ; 0 (0)               ; 1 (1)                     ; 0           ; 0          ; 0            ; 0       ; 0         ; 0    ; 0            ; 0          ; |Main|registrador:regis|registrador_8bits:regA|flipflop_D:ff3 ; flipflop_D        ; work         ;
;          |flipflop_D:ff4|      ; 0 (0)               ; 1 (1)                     ; 0           ; 0          ; 0            ; 0       ; 0         ; 0    ; 0            ; 0          ; |Main|registrador:regis|registrador_8bits:regA|flipflop_D:ff4 ; flipflop_D        ; work         ;
;          |flipflop_D:ff5|      ; 0 (0)               ; 1 (1)                     ; 0           ; 0          ; 0            ; 0       ; 0         ; 0    ; 0            ; 0          ; |Main|registrador:regis|registrador_8bits:regA|flipflop_D:ff5 ; flipflop_D        ; work         ;
;          |flipflop_D:ff6|      ; 0 (0)               ; 1 (1)                     ; 0           ; 0          ; 0            ; 0       ; 0         ; 0    ; 0            ; 0          ; |Main|registrador:regis|registrador_8bits:regA|flipflop_D:ff6 ; flipflop_D        ; work         ;
;          |flipflop_D:ff7|      ; 0 (0)               ; 1 (1)                     ; 0           ; 0          ; 0            ; 0       ; 0         ; 0    ; 0            ; 0          ; |Main|registrador:regis|registrador_8bits:regA|flipflop_D:ff7 ; flipflop_D        ; work         ;
;       |registrador_8bits:regB| ; 0 (0)               ; 8 (0)                     ; 0           ; 0          ; 0            ; 0       ; 0         ; 0    ; 0            ; 0          ; |Main|registrador:regis|registrador_8bits:regB                ; registrador_8bits ; work         ;
;          |flipflop_D:ff0|      ; 0 (0)               ; 1 (1)                     ; 0           ; 0          ; 0            ; 0       ; 0         ; 0    ; 0            ; 0          ; |Main|registrador:regis|registrador_8bits:regB|flipflop_D:ff0 ; flipflop_D        ; work         ;
;          |flipflop_D:ff1|      ; 0 (0)               ; 1 (1)                     ; 0           ; 0          ; 0            ; 0       ; 0         ; 0    ; 0            ; 0          ; |Main|registrador:regis|registrador_8bits:regB|flipflop_D:ff1 ; flipflop_D        ; work         ;
;          |flipflop_D:ff2|      ; 0 (0)               ; 1 (1)                     ; 0           ; 0          ; 0            ; 0       ; 0         ; 0    ; 0            ; 0          ; |Main|registrador:regis|registrador_8bits:regB|flipflop_D:ff2 ; flipflop_D        ; work         ;
;          |flipflop_D:ff3|      ; 0 (0)               ; 1 (1)                     ; 0           ; 0          ; 0            ; 0       ; 0         ; 0    ; 0            ; 0          ; |Main|registrador:regis|registrador_8bits:regB|flipflop_D:ff3 ; flipflop_D        ; work         ;
;          |flipflop_D:ff4|      ; 0 (0)               ; 1 (1)                     ; 0           ; 0          ; 0            ; 0       ; 0         ; 0    ; 0            ; 0          ; |Main|registrador:regis|registrador_8bits:regB|flipflop_D:ff4 ; flipflop_D        ; work         ;
;          |flipflop_D:ff5|      ; 0 (0)               ; 1 (1)                     ; 0           ; 0          ; 0            ; 0       ; 0         ; 0    ; 0            ; 0          ; |Main|registrador:regis|registrador_8bits:regB|flipflop_D:ff5 ; flipflop_D        ; work         ;
;          |flipflop_D:ff6|      ; 0 (0)               ; 1 (1)                     ; 0           ; 0          ; 0            ; 0       ; 0         ; 0    ; 0            ; 0          ; |Main|registrador:regis|registrador_8bits:regB|flipflop_D:ff6 ; flipflop_D        ; work         ;
;          |flipflop_D:ff7|      ; 0 (0)               ; 1 (1)                     ; 0           ; 0          ; 0            ; 0       ; 0         ; 0    ; 0            ; 0          ; |Main|registrador:regis|registrador_8bits:regB|flipflop_D:ff7 ; flipflop_D        ; work         ;
;       |registrador_8bits:regC| ; 0 (0)               ; 8 (0)                     ; 0           ; 0          ; 0            ; 0       ; 0         ; 0    ; 0            ; 0          ; |Main|registrador:regis|registrador_8bits:regC                ; registrador_8bits ; work         ;
;          |flipflop_D:ff0|      ; 0 (0)               ; 1 (1)                     ; 0           ; 0          ; 0            ; 0       ; 0         ; 0    ; 0            ; 0          ; |Main|registrador:regis|registrador_8bits:regC|flipflop_D:ff0 ; flipflop_D        ; work         ;
;          |flipflop_D:ff1|      ; 0 (0)               ; 1 (1)                     ; 0           ; 0          ; 0            ; 0       ; 0         ; 0    ; 0            ; 0          ; |Main|registrador:regis|registrador_8bits:regC|flipflop_D:ff1 ; flipflop_D        ; work         ;
;          |flipflop_D:ff2|      ; 0 (0)               ; 1 (1)                     ; 0           ; 0          ; 0            ; 0       ; 0         ; 0    ; 0            ; 0          ; |Main|registrador:regis|registrador_8bits:regC|flipflop_D:ff2 ; flipflop_D        ; work         ;
;          |flipflop_D:ff3|      ; 0 (0)               ; 1 (1)                     ; 0           ; 0          ; 0            ; 0       ; 0         ; 0    ; 0            ; 0          ; |Main|registrador:regis|registrador_8bits:regC|flipflop_D:ff3 ; flipflop_D        ; work         ;
;          |flipflop_D:ff4|      ; 0 (0)               ; 1 (1)                     ; 0           ; 0          ; 0            ; 0       ; 0         ; 0    ; 0            ; 0          ; |Main|registrador:regis|registrador_8bits:regC|flipflop_D:ff4 ; flipflop_D        ; work         ;
;          |flipflop_D:ff5|      ; 0 (0)               ; 1 (1)                     ; 0           ; 0          ; 0            ; 0       ; 0         ; 0    ; 0            ; 0          ; |Main|registrador:regis|registrador_8bits:regC|flipflop_D:ff5 ; flipflop_D        ; work         ;
;          |flipflop_D:ff6|      ; 0 (0)               ; 1 (1)                     ; 0           ; 0          ; 0            ; 0       ; 0         ; 0    ; 0            ; 0          ; |Main|registrador:regis|registrador_8bits:regC|flipflop_D:ff6 ; flipflop_D        ; work         ;
;          |flipflop_D:ff7|      ; 0 (0)               ; 1 (1)                     ; 0           ; 0          ; 0            ; 0       ; 0         ; 0    ; 0            ; 0          ; |Main|registrador:regis|registrador_8bits:regC|flipflop_D:ff7 ; flipflop_D        ; work         ;
+--------------------------------+---------------------+---------------------------+-------------+------------+--------------+---------+-----------+------+--------------+------------+---------------------------------------------------------------+-------------------+--------------+
Note: For table entries with two numbers listed, the numbers in parentheses indicate the number of resources of the given type used by the specific entity alone. The numbers listed outside of parentheses indicate the total resources of the given type used by the specific entity and all of its sub-entities in the hierarchy.


+------------------------------------------------------+
; General Register Statistics                          ;
+----------------------------------------------+-------+
; Statistic                                    ; Value ;
+----------------------------------------------+-------+
; Total registers                              ; 26    ;
; Number of registers using Synchronous Clear  ; 0     ;
; Number of registers using Synchronous Load   ; 0     ;
; Number of registers using Asynchronous Clear ; 26    ;
; Number of registers using Asynchronous Load  ; 0     ;
; Number of registers using Clock Enable       ; 0     ;
; Number of registers using Preset             ; 0     ;
+----------------------------------------------+-------+


+--------------------------------------------------------------------------------------------------------------------------------------+
; Port Connectivity Checks: "registrador:regis|registrador_8bits:regA|flipflop_D:ff7"                                                  ;
+-------+--------+----------+----------------------------------------------------------------------------------------------------------+
; Port  ; Type   ; Severity ; Details                                                                                                  ;
+-------+--------+----------+----------------------------------------------------------------------------------------------------------+
; q_bar ; Output ; Warning  ; Declared by entity but not connected by instance. Logic that only feeds a dangling port will be removed. ;
+-------+--------+----------+----------------------------------------------------------------------------------------------------------+


+--------------------------------------------------------------------------------------------------------------------------------------+
; Port Connectivity Checks: "registrador:regis|registrador_8bits:regA|flipflop_D:ff6"                                                  ;
+-------+--------+----------+----------------------------------------------------------------------------------------------------------+
; Port  ; Type   ; Severity ; Details                                                                                                  ;
+-------+--------+----------+----------------------------------------------------------------------------------------------------------+
; q_bar ; Output ; Warning  ; Declared by entity but not connected by instance. Logic that only feeds a dangling port will be removed. ;
+-------+--------+----------+----------------------------------------------------------------------------------------------------------+


+--------------------------------------------------------------------------------------------------------------------------------------+
; Port Connectivity Checks: "registrador:regis|registrador_8bits:regA|flipflop_D:ff5"                                                  ;
+-------+--------+----------+----------------------------------------------------------------------------------------------------------+
; Port  ; Type   ; Severity ; Details                                                                                                  ;
+-------+--------+----------+----------------------------------------------------------------------------------------------------------+
; q_bar ; Output ; Warning  ; Declared by entity but not connected by instance. Logic that only feeds a dangling port will be removed. ;
+-------+--------+----------+----------------------------------------------------------------------------------------------------------+


+--------------------------------------------------------------------------------------------------------------------------------------+
; Port Connectivity Checks: "registrador:regis|registrador_8bits:regA|flipflop_D:ff4"                                                  ;
+-------+--------+----------+----------------------------------------------------------------------------------------------------------+
; Port  ; Type   ; Severity ; Details                                                                                                  ;
+-------+--------+----------+----------------------------------------------------------------------------------------------------------+
; q_bar ; Output ; Warning  ; Declared by entity but not connected by instance. Logic that only feeds a dangling port will be removed. ;
+-------+--------+----------+----------------------------------------------------------------------------------------------------------+


+--------------------------------------------------------------------------------------------------------------------------------------+
; Port Connectivity Checks: "registrador:regis|registrador_8bits:regA|flipflop_D:ff3"                                                  ;
+-------+--------+----------+----------------------------------------------------------------------------------------------------------+
; Port  ; Type   ; Severity ; Details                                                                                                  ;
+-------+--------+----------+----------------------------------------------------------------------------------------------------------+
; q_bar ; Output ; Warning  ; Declared by entity but not connected by instance. Logic that only feeds a dangling port will be removed. ;
+-------+--------+----------+----------------------------------------------------------------------------------------------------------+


+--------------------------------------------------------------------------------------------------------------------------------------+
; Port Connectivity Checks: "registrador:regis|registrador_8bits:regA|flipflop_D:ff2"                                                  ;
+-------+--------+----------+----------------------------------------------------------------------------------------------------------+
; Port  ; Type   ; Severity ; Details                                                                                                  ;
+-------+--------+----------+----------------------------------------------------------------------------------------------------------+
; q_bar ; Output ; Warning  ; Declared by entity but not connected by instance. Logic that only feeds a dangling port will be removed. ;
+-------+--------+----------+----------------------------------------------------------------------------------------------------------+


+--------------------------------------------------------------------------------------------------------------------------------------+
; Port Connectivity Checks: "registrador:regis|registrador_8bits:regA|flipflop_D:ff1"                                                  ;
+-------+--------+----------+----------------------------------------------------------------------------------------------------------+
; Port  ; Type   ; Severity ; Details                                                                                                  ;
+-------+--------+----------+----------------------------------------------------------------------------------------------------------+
; q_bar ; Output ; Warning  ; Declared by entity but not connected by instance. Logic that only feeds a dangling port will be removed. ;
+-------+--------+----------+----------------------------------------------------------------------------------------------------------+


+--------------------------------------------------------------------------------------------------------------------------------------+
; Port Connectivity Checks: "registrador:regis|registrador_8bits:regA|flipflop_D:ff0"                                                  ;
+-------+--------+----------+----------------------------------------------------------------------------------------------------------+
; Port  ; Type   ; Severity ; Details                                                                                                  ;
+-------+--------+----------+----------------------------------------------------------------------------------------------------------+
; q_bar ; Output ; Warning  ; Declared by entity but not connected by instance. Logic that only feeds a dangling port will be removed. ;
+-------+--------+----------+----------------------------------------------------------------------------------------------------------+


+--------------------------------------------------------------------------------------------------------------------------------------+
; Port Connectivity Checks: "registrador:regis|contador:cc|flipflop_D:ff1"                                                             ;
+-------+--------+----------+----------------------------------------------------------------------------------------------------------+
; Port  ; Type   ; Severity ; Details                                                                                                  ;
+-------+--------+----------+----------------------------------------------------------------------------------------------------------+
; q_bar ; Output ; Warning  ; Declared by entity but not connected by instance. Logic that only feeds a dangling port will be removed. ;
+-------+--------+----------+----------------------------------------------------------------------------------------------------------+


+--------------------------------------------------------------------------------------------------------------------------------------+
; Port Connectivity Checks: "registrador:regis|contador:cc|flipflop_D:ff0"                                                             ;
+-------+--------+----------+----------------------------------------------------------------------------------------------------------+
; Port  ; Type   ; Severity ; Details                                                                                                  ;
+-------+--------+----------+----------------------------------------------------------------------------------------------------------+
; q_bar ; Output ; Warning  ; Declared by entity but not connected by instance. Logic that only feeds a dangling port will be removed. ;
+-------+--------+----------+----------------------------------------------------------------------------------------------------------+


+-----------------------------------------------------+
; Post-Synthesis Netlist Statistics for Top Partition ;
+-----------------------+-----------------------------+
; Type                  ; Count                       ;
+-----------------------+-----------------------------+
; boundary_port         ; 36                          ;
; cycloneiii_ff         ; 26                          ;
;     CLR               ; 26                          ;
; cycloneiii_lcell_comb ; 6                           ;
;     normal            ; 6                           ;
;         1 data inputs ; 2                           ;
;         3 data inputs ; 4                           ;
;                       ;                             ;
; Max LUT depth         ; 1.00                        ;
; Average LUT depth     ; 0.21                        ;
+-----------------------+-----------------------------+


+-------------------------------+
; Elapsed Time Per Partition    ;
+----------------+--------------+
; Partition Name ; Elapsed Time ;
+----------------+--------------+
; Top            ; 00:00:00     ;
+----------------+--------------+


+-------------------------------+
; Analysis & Synthesis Messages ;
+-------------------------------+
Info: *******************************************************************
Info: Running Quartus Prime Analysis & Synthesis
    Info: Version 25.1std.0 Build 1129 10/21/2025 SC Lite Edition
    Info: Processing started: Mon Sep 21 00:51:34 2026
Info: Command: quartus_map --read_settings_files=on --write_settings_files=off halfadder -c halfadder
Warning (18236): Number of processors has not been specified which may cause overloading on shared machines.  Set the global assignment NUM_PARALLEL_PROCESSORS in your QSF to an appropriate value for best performance.
Info (20030): Parallel compilation is enabled and will use 12 of the 12 processors detected
Info (12021): Found 1 design units, including 1 entities, in source file halfadder.v
    Info (12023): Found entity 1: halfadder File: C:/Users/Tatiane/Documents/Eletronica/PBL-CD/PBL2/projeto/halfadder.v Line: 1
Info (12021): Found 1 design units, including 1 entities, in source file fulladder.v
    Info (12023): Found entity 1: fulladder File: C:/Users/Tatiane/Documents/Eletronica/PBL-CD/PBL2/projeto/fulladder.v Line: 1
Info (12021): Found 1 design units, including 1 entities, in source file fourbitsadder.v
    Info (12023): Found entity 1: fourbitsadder File: C:/Users/Tatiane/Documents/Eletronica/PBL-CD/PBL2/projeto/fourbitsadder.v Line: 1
Info (12021): Found 1 design units, including 1 entities, in source file eightbitsadder.v
    Info (12023): Found entity 1: eightbitsadder File: C:/Users/Tatiane/Documents/Eletronica/PBL-CD/PBL2/projeto/eightbitsadder.v Line: 1
Info (12021): Found 1 design units, including 1 entities, in source file display.v
    Info (12023): Found entity 1: display File: C:/Users/Tatiane/Documents/Eletronica/PBL-CD/PBL2/projeto/display.v Line: 1
Info (12021): Found 1 design units, including 1 entities, in source file somador16bits.v
    Info (12023): Found entity 1: somador16bits File: C:/Users/Tatiane/Documents/Eletronica/PBL-CD/PBL2/projeto/somador16bits.v Line: 1
Info (12021): Found 1 design units, including 1 entities, in source file multiplicador.v
    Info (12023): Found entity 1: multiplicador File: C:/Users/Tatiane/Documents/Eletronica/PBL-CD/PBL2/projeto/multiplicador.v Line: 1
Info (12021): Found 1 design units, including 1 entities, in source file adicionar3.v
    Info (12023): Found entity 1: adicionar3 File: C:/Users/Tatiane/Documents/Eletronica/PBL-CD/PBL2/projeto/adicionar3.v Line: 1
Info (12021): Found 1 design units, including 1 entities, in source file doubledable.v
    Info (12023): Found entity 1: doubledable File: C:/Users/Tatiane/Documents/Eletronica/PBL-CD/PBL2/projeto/doubledable.v Line: 1
Info (12021): Found 1 design units, including 1 entities, in source file bin16_para_bcd.v
    Info (12023): Found entity 1: bin16_para_bcd File: C:/Users/Tatiane/Documents/Eletronica/PBL-CD/PBL2/projeto/bin16_para_bcd.v Line: 1
Info (12021): Found 1 design units, including 1 entities, in source file main.v
    Info (12023): Found entity 1: Main File: C:/Users/Tatiane/Documents/Eletronica/PBL-CD/PBL2/projeto/Main.v Line: 1
Info (12021): Found 1 design units, including 1 entities, in source file conversor_8bit_bcd.v
    Info (12023): Found entity 1: conversor_8bit_bcd File: C:/Users/Tatiane/Documents/Eletronica/PBL-CD/PBL2/projeto/conversor_8bit_bcd.v Line: 1
Info (12021): Found 1 design units, including 1 entities, in source file selecionarxy.v
    Info (12023): Found entity 1: selecionarXY File: C:/Users/Tatiane/Documents/Eletronica/PBL-CD/PBL2/projeto/selecionarXY.v Line: 1
Info (12021): Found 1 design units, including 1 entities, in source file complementodedois16bits.v
    Info (12023): Found entity 1: complementodedois16bits File: C:/Users/Tatiane/Documents/Eletronica/PBL-CD/PBL2/projeto/complementodedois16bits.v Line: 1
Info (12021): Found 1 design units, including 1 entities, in source file complementodedois8bits.v
    Info (12023): Found entity 1: complementodedois8bits File: C:/Users/Tatiane/Documents/Eletronica/PBL-CD/PBL2/projeto/complementodedois8bits.v Line: 1
Info (12021): Found 1 design units, including 1 entities, in source file raiz.v
    Info (12023): Found entity 1: raiz File: C:/Users/Tatiane/Documents/Eletronica/PBL-CD/PBL2/projeto/raiz.v Line: 1
Info (12021): Found 1 design units, including 1 entities, in source file erro.v
    Info (12023): Found entity 1: erro File: C:/Users/Tatiane/Documents/Eletronica/PBL-CD/PBL2/projeto/erro.v Line: 1
Info (12021): Found 1 design units, including 1 entities, in source file flipflop_d.v
    Info (12023): Found entity 1: flipflop_D File: C:/Users/Tatiane/Documents/Eletronica/PBL-CD/PBL2/projeto/flipflop_D.v Line: 1
Info (12021): Found 1 design units, including 1 entities, in source file registrador_8bits.v
    Info (12023): Found entity 1: registrador_8bits File: C:/Users/Tatiane/Documents/Eletronica/PBL-CD/PBL2/projeto/registrador_8bits.v Line: 1
Info (12021): Found 1 design units, including 1 entities, in source file contador.v
    Info (12023): Found entity 1: contador File: C:/Users/Tatiane/Documents/Eletronica/PBL-CD/PBL2/projeto/contador.v Line: 1
Info (12021): Found 1 design units, including 1 entities, in source file comparador4bits.v
    Info (12023): Found entity 1: comparador4bits File: C:/Users/Tatiane/Documents/Eletronica/PBL-CD/PBL2/projeto/comparador4bits.v Line: 1
Info (12021): Found 1 design units, including 1 entities, in source file subtrator18bits.v
    Info (12023): Found entity 1: subtrator18bits File: C:/Users/Tatiane/Documents/Eletronica/PBL-CD/PBL2/projeto/subtrator18bits.v Line: 1
Info (12021): Found 1 design units, including 1 entities, in source file comparador20bits.v
    Info (12023): Found entity 1: comparador20bits File: C:/Users/Tatiane/Documents/Eletronica/PBL-CD/PBL2/projeto/comparador20bits.v Line: 1
Info (12021): Found 1 design units, including 1 entities, in source file mux2x1.v
    Info (12023): Found entity 1: mux2x1 File: C:/Users/Tatiane/Documents/Eletronica/PBL-CD/PBL2/projeto/mux2x1.v Line: 1
Info (12021): Found 1 design units, including 1 entities, in source file calcularraiz.v
    Info (12023): Found entity 1: calcularraiz File: C:/Users/Tatiane/Documents/Eletronica/PBL-CD/PBL2/projeto/calcularraiz.v Line: 1
Info (12021): Found 1 design units, including 1 entities, in source file funcao.v
    Info (12023): Found entity 1: funcao File: C:/Users/Tatiane/Documents/Eletronica/PBL-CD/PBL2/projeto/funcao.v Line: 1
Info (12021): Found 1 design units, including 1 entities, in source file complementodedois24bits.v
    Info (12023): Found entity 1: complementodedois24bits File: C:/Users/Tatiane/Documents/Eletronica/PBL-CD/PBL2/projeto/complementodedois24bits.v Line: 1
Info (12021): Found 1 design units, including 1 entities, in source file registrador.v
    Info (12023): Found entity 1: registrador File: C:/Users/Tatiane/Documents/Eletronica/PBL-CD/PBL2/projeto/registrador.v Line: 1
Warning (10236): Verilog HDL Implicit Net warning at complementodedois24bits.v(39): created implicit net for "carry_meio" File: C:/Users/Tatiane/Documents/Eletronica/PBL-CD/PBL2/projeto/complementodedois24bits.v Line: 39
Info (12127): Elaborating entity "Main" for the top level hierarchy
Info (12128): Elaborating entity "registrador" for hierarchy "registrador:regis" File: C:/Users/Tatiane/Documents/Eletronica/PBL-CD/PBL2/projeto/Main.v Line: 13
Info (12128): Elaborating entity "contador" for hierarchy "registrador:regis|contador:cc" File: C:/Users/Tatiane/Documents/Eletronica/PBL-CD/PBL2/projeto/registrador.v Line: 13
Info (12128): Elaborating entity "flipflop_D" for hierarchy "registrador:regis|contador:cc|flipflop_D:ff0" File: C:/Users/Tatiane/Documents/Eletronica/PBL-CD/PBL2/projeto/contador.v Line: 10
Info (12128): Elaborating entity "registrador_8bits" for hierarchy "registrador:regis|registrador_8bits:regA" File: C:/Users/Tatiane/Documents/Eletronica/PBL-CD/PBL2/projeto/registrador.v Line: 22
Warning (12241): 10 hierarchies have connectivity warnings - see the Connectivity Checks report folder
Info (286030): Timing-Driven Synthesis is running
Info (16010): Generating hard_block partition "hard_block:auto_generated_inst"
    Info (16011): Adding 0 node(s), including 0 DDIO, 0 PLL, 0 transceiver and 0 LCELL
Info (21057): Implemented 66 device resources after synthesis - the final resource count might be different
    Info (21058): Implemented 10 input pins
    Info (21059): Implemented 26 output pins
    Info (21061): Implemented 30 logic cells
Info: Quartus Prime Analysis & Synthesis was successful. 0 errors, 3 warnings
    Info: Peak virtual memory: 4840 megabytes
    Info: Processing ended: Mon Sep 21 00:51:43 2026
    Info: Elapsed time: 00:00:09
    Info: Total CPU time (on all processors): 00:00:05


